// Vitest Snapshot v1, https://vitest.dev/guide/snapshot.html

exports[`CreateOrganizationPaper > Snapshot 1`] = `
<div>
  <style
    data-mantine-styles="true"
  >
    :root{--mantine-font-family: Outfit, sans-serif;--mantine-font-family-headings: Outfit, sans-serif;--mantine-primary-color-filled: var(--mantine-color-green-filled);--mantine-primary-color-filled-hover: var(--mantine-color-green-filled-hover);--mantine-primary-color-light: var(--mantine-color-green-light);--mantine-primary-color-light-hover: var(--mantine-color-green-light-hover);--mantine-primary-color-light-color: var(--mantine-color-green-light-color);--mantine-breakpoint-xxl: 120em;--mantine-primary-color-0: var(--mantine-color-green-0);--mantine-primary-color-1: var(--mantine-color-green-1);--mantine-primary-color-2: var(--mantine-color-green-2);--mantine-primary-color-3: var(--mantine-color-green-3);--mantine-primary-color-4: var(--mantine-color-green-4);--mantine-primary-color-5: var(--mantine-color-green-5);--mantine-primary-color-6: var(--mantine-color-green-6);--mantine-primary-color-7: var(--mantine-color-green-7);--mantine-primary-color-8: var(--mantine-color-green-8);--mantine-primary-color-9: var(--mantine-color-green-9);--mantine-color-red-0: #ffeeea;--mantine-color-red-1: #fbdbd6;--mantine-color-red-2: #f0b6ab;--mantine-color-red-3: #e68e7d;--mantine-color-red-4: #de6d56;--mantine-color-red-5: #da573d;--mantine-color-red-6: #d84c30;--mantine-color-red-7: #c03d23;--mantine-color-red-8: #ac341d;--mantine-color-red-9: #972a16;--mantine-color-blue-0: #eaf9fb;--mantine-color-blue-1: #dfedef;--mantine-color-blue-2: #bfd7dc;--mantine-color-blue-3: #9dc2ca;--mantine-color-blue-4: #80b0ba;--mantine-color-blue-5: #6da4b0;--mantine-color-blue-6: #619ead;--mantine-color-blue-7: #4f8a97;--mantine-color-blue-8: #427b88;--mantine-color-blue-9: #2e6b78;--mantine-color-green-0: #eefcf8;--mantine-color-green-1: #ddf5ef;--mantine-color-green-2: #b5edde;--mantine-color-green-3: #8ce5cb;--mantine-color-green-4: #6addbc;--mantine-color-green-5: #57d8b1;--mantine-color-green-6: #4bd6ac;--mantine-color-green-7: #3dbd97;--mantine-color-green-8: #31a985;--mantine-color-green-9: #1d9a78;--mantine-color-yellow-0: #fffae5;--mantine-color-yellow-1: #fff3d0;--mantine-color-yellow-2: #fee69f;--mantine-color-yellow-3: #fed869;--mantine-color-yellow-4: #fecc3f;--mantine-color-yellow-5: #fec426;--mantine-color-yellow-6: #fec019;--mantine-color-yellow-7: #e2a90c;--mantine-color-yellow-8: #c99600;--mantine-color-yellow-9: #ae8100;--mantine-color-orange-0: #fff1e2;--mantine-color-orange-1: #ffe2ce;--mantine-color-orange-2: #f9c4a2;--mantine-color-orange-3: #f4a570;--mantine-color-orange-4: #ef8a46;--mantine-color-orange-5: #ec792b;--mantine-color-orange-6: #ec701b;--mantine-color-orange-7: #d25e0e;--mantine-color-orange-8: #bb5307;--mantine-color-orange-9: #a34600;--mantine-color-light_green-0: #e6fcf7;--mantine-color-light_green-1: #d9f1eb;--mantine-color-light_green-2: #b8e0d6;--mantine-color-light_green-3: #94cfbf;--mantine-color-light_green-4: #76c1ab;--mantine-color-light_green-5: #61b89f;--mantine-color-light_green-6: #55b399;--mantine-color-light_green-7: #449d85;--mantine-color-light_green-8: #378c75;--mantine-color-light_green-9: #237a64;--mantine-color-light_orange-0: #fffae1;--mantine-color-light_orange-1: #fff3cc;--mantine-color-light_orange-2: #ffe69b;--mantine-color-light_orange-3: #ffd964;--mantine-color-light_orange-4: #ffcd38;--mantine-color-light_orange-5: #ffc61c;--mantine-color-light_orange-6: #ffc209;--mantine-color-light_orange-7: #e3ab00;--mantine-color-light_orange-8: #ca9800;--mantine-color-light_orange-9: #ae8300;}:root[data-mantine-color-scheme="dark"]{--mantine-color-anchor: var(--mantine-color-green-4);--mantine-color-dark-filled: var(--mantine-color-dark-9);--mantine-color-dark-filled-hover: var(--mantine-color-dark-8);--mantine-color-dark-light: rgba(36, 36, 36, 0.15);--mantine-color-dark-light-hover: rgba(36, 36, 36, 0.2);--mantine-color-dark-light-color: var(--mantine-color-dark-4);--mantine-color-dark-outline: var(--mantine-color-dark-5);--mantine-color-dark-outline-hover: rgba(59, 59, 59, 0.05);--mantine-color-gray-filled: var(--mantine-color-gray-9);--mantine-color-gray-filled-hover: var(--mantine-color-gray-8);--mantine-color-gray-light: rgba(73, 80, 87, 0.15);--mantine-color-gray-light-hover: rgba(73, 80, 87, 0.2);--mantine-color-gray-light-color: var(--mantine-color-gray-4);--mantine-color-gray-outline: var(--mantine-color-gray-5);--mantine-color-gray-outline-hover: rgba(173, 181, 189, 0.05);--mantine-color-red-filled: var(--mantine-color-red-9);--mantine-color-red-filled-hover: var(--mantine-color-red-8);--mantine-color-red-light: rgba(192, 61, 35, 0.15);--mantine-color-red-light-hover: rgba(192, 61, 35, 0.2);--mantine-color-red-light-color: var(--mantine-color-red-4);--mantine-color-red-outline: var(--mantine-color-red-5);--mantine-color-red-outline-hover: rgba(218, 87, 61, 0.05);--mantine-color-pink-filled: var(--mantine-color-pink-9);--mantine-color-pink-filled-hover: var(--mantine-color-pink-8);--mantine-color-pink-light: rgba(214, 51, 108, 0.15);--mantine-color-pink-light-hover: rgba(214, 51, 108, 0.2);--mantine-color-pink-light-color: var(--mantine-color-pink-4);--mantine-color-pink-outline: var(--mantine-color-pink-5);--mantine-color-pink-outline-hover: rgba(240, 101, 149, 0.05);--mantine-color-grape-filled: var(--mantine-color-grape-9);--mantine-color-grape-filled-hover: var(--mantine-color-grape-8);--mantine-color-grape-light: rgba(174, 62, 201, 0.15);--mantine-color-grape-light-hover: rgba(174, 62, 201, 0.2);--mantine-color-grape-light-color: var(--mantine-color-grape-4);--mantine-color-grape-outline: var(--mantine-color-grape-5);--mantine-color-grape-outline-hover: rgba(204, 93, 232, 0.05);--mantine-color-violet-filled: var(--mantine-color-violet-9);--mantine-color-violet-filled-hover: var(--mantine-color-violet-8);--mantine-color-violet-light: rgba(112, 72, 232, 0.15);--mantine-color-violet-light-hover: rgba(112, 72, 232, 0.2);--mantine-color-violet-light-color: var(--mantine-color-violet-4);--mantine-color-violet-outline: var(--mantine-color-violet-5);--mantine-color-violet-outline-hover: rgba(132, 94, 247, 0.05);--mantine-color-indigo-filled: var(--mantine-color-indigo-9);--mantine-color-indigo-filled-hover: var(--mantine-color-indigo-8);--mantine-color-indigo-light: rgba(66, 99, 235, 0.15);--mantine-color-indigo-light-hover: rgba(66, 99, 235, 0.2);--mantine-color-indigo-light-color: var(--mantine-color-indigo-4);--mantine-color-indigo-outline: var(--mantine-color-indigo-5);--mantine-color-indigo-outline-hover: rgba(92, 124, 250, 0.05);--mantine-color-blue-filled: var(--mantine-color-blue-9);--mantine-color-blue-filled-hover: var(--mantine-color-blue-8);--mantine-color-blue-light: rgba(79, 138, 151, 0.15);--mantine-color-blue-light-hover: rgba(79, 138, 151, 0.2);--mantine-color-blue-light-color: var(--mantine-color-blue-4);--mantine-color-blue-outline: var(--mantine-color-blue-5);--mantine-color-blue-outline-hover: rgba(109, 164, 176, 0.05);--mantine-color-cyan-filled: var(--mantine-color-cyan-9);--mantine-color-cyan-filled-hover: var(--mantine-color-cyan-8);--mantine-color-cyan-light: rgba(16, 152, 173, 0.15);--mantine-color-cyan-light-hover: rgba(16, 152, 173, 0.2);--mantine-color-cyan-light-color: var(--mantine-color-cyan-4);--mantine-color-cyan-outline: var(--mantine-color-cyan-5);--mantine-color-cyan-outline-hover: rgba(34, 184, 207, 0.05);--mantine-color-teal-filled: var(--mantine-color-teal-9);--mantine-color-teal-filled-hover: var(--mantine-color-teal-8);--mantine-color-teal-light: rgba(12, 166, 120, 0.15);--mantine-color-teal-light-hover: rgba(12, 166, 120, 0.2);--mantine-color-teal-light-color: var(--mantine-color-teal-4);--mantine-color-teal-outline: var(--mantine-color-teal-5);--mantine-color-teal-outline-hover: rgba(32, 201, 151, 0.05);--mantine-color-green-filled: var(--mantine-color-green-9);--mantine-color-green-filled-hover: var(--mantine-color-green-8);--mantine-color-green-light: rgba(61, 189, 151, 0.15);--mantine-color-green-light-hover: rgba(61, 189, 151, 0.2);--mantine-color-green-light-color: var(--mantine-color-green-4);--mantine-color-green-outline: var(--mantine-color-green-5);--mantine-color-green-outline-hover: rgba(87, 216, 177, 0.05);--mantine-color-lime-filled: var(--mantine-color-lime-9);--mantine-color-lime-filled-hover: var(--mantine-color-lime-8);--mantine-color-lime-light: rgba(116, 184, 22, 0.15);--mantine-color-lime-light-hover: rgba(116, 184, 22, 0.2);--mantine-color-lime-light-color: var(--mantine-color-lime-4);--mantine-color-lime-outline: var(--mantine-color-lime-5);--mantine-color-lime-outline-hover: rgba(148, 216, 45, 0.05);--mantine-color-yellow-filled: var(--mantine-color-yellow-9);--mantine-color-yellow-filled-hover: var(--mantine-color-yellow-8);--mantine-color-yellow-light: rgba(226, 169, 12, 0.15);--mantine-color-yellow-light-hover: rgba(226, 169, 12, 0.2);--mantine-color-yellow-light-color: var(--mantine-color-yellow-4);--mantine-color-yellow-outline: var(--mantine-color-yellow-5);--mantine-color-yellow-outline-hover: rgba(254, 196, 38, 0.05);--mantine-color-orange-filled: var(--mantine-color-orange-9);--mantine-color-orange-filled-hover: var(--mantine-color-orange-8);--mantine-color-orange-light: rgba(210, 94, 14, 0.15);--mantine-color-orange-light-hover: rgba(210, 94, 14, 0.2);--mantine-color-orange-light-color: var(--mantine-color-orange-4);--mantine-color-orange-outline: var(--mantine-color-orange-5);--mantine-color-orange-outline-hover: rgba(236, 121, 43, 0.05);--mantine-color-light_green-text: var(--mantine-color-light_green-4);--mantine-color-light_green-filled: var(--mantine-color-light_green-9);--mantine-color-light_green-filled-hover: var(--mantine-color-light_green-8);--mantine-color-light_green-light: rgba(68, 157, 133, 0.15);--mantine-color-light_green-light-hover: rgba(68, 157, 133, 0.2);--mantine-color-light_green-light-color: var(--mantine-color-light_green-4);--mantine-color-light_green-outline: var(--mantine-color-light_green-5);--mantine-color-light_green-outline-hover: rgba(97, 184, 159, 0.05);--mantine-color-light_orange-text: var(--mantine-color-light_orange-4);--mantine-color-light_orange-filled: var(--mantine-color-light_orange-9);--mantine-color-light_orange-filled-hover: var(--mantine-color-light_orange-8);--mantine-color-light_orange-light: rgba(227, 171, 0, 0.15);--mantine-color-light_orange-light-hover: rgba(227, 171, 0, 0.2);--mantine-color-light_orange-light-color: var(--mantine-color-light_orange-4);--mantine-color-light_orange-outline: var(--mantine-color-light_orange-5);--mantine-color-light_orange-outline-hover: rgba(255, 198, 28, 0.05);}:root[data-mantine-color-scheme="light"]{--mantine-color-anchor: var(--mantine-color-green-9);--mantine-color-dark-filled: var(--mantine-color-dark-9);--mantine-color-dark-filled-hover: var(--mantine-color-dark-8);--mantine-color-dark-light: rgba(20, 20, 20, 0.1);--mantine-color-dark-light-hover: rgba(20, 20, 20, 0.12);--mantine-color-dark-light-color: var(--mantine-color-dark-9);--mantine-color-dark-outline: var(--mantine-color-dark-9);--mantine-color-dark-outline-hover: rgba(20, 20, 20, 0.05);--mantine-color-gray-filled: var(--mantine-color-gray-9);--mantine-color-gray-filled-hover: var(--mantine-color-gray-8);--mantine-color-gray-light: rgba(33, 37, 41, 0.1);--mantine-color-gray-light-hover: rgba(33, 37, 41, 0.12);--mantine-color-gray-light-color: var(--mantine-color-gray-9);--mantine-color-gray-outline: var(--mantine-color-gray-9);--mantine-color-gray-outline-hover: rgba(33, 37, 41, 0.05);--mantine-color-red-filled: var(--mantine-color-red-9);--mantine-color-red-filled-hover: var(--mantine-color-red-8);--mantine-color-red-light: rgba(151, 42, 22, 0.1);--mantine-color-red-light-hover: rgba(151, 42, 22, 0.12);--mantine-color-red-light-color: var(--mantine-color-red-9);--mantine-color-red-outline: var(--mantine-color-red-9);--mantine-color-red-outline-hover: rgba(151, 42, 22, 0.05);--mantine-color-pink-filled: var(--mantine-color-pink-9);--mantine-color-pink-filled-hover: var(--mantine-color-pink-8);--mantine-color-pink-light: rgba(166, 30, 77, 0.1);--mantine-color-pink-light-hover: rgba(166, 30, 77, 0.12);--mantine-color-pink-light-color: var(--mantine-color-pink-9);--mantine-color-pink-outline: var(--mantine-color-pink-9);--mantine-color-pink-outline-hover: rgba(166, 30, 77, 0.05);--mantine-color-grape-filled: var(--mantine-color-grape-9);--mantine-color-grape-filled-hover: var(--mantine-color-grape-8);--mantine-color-grape-light: rgba(134, 46, 156, 0.1);--mantine-color-grape-light-hover: rgba(134, 46, 156, 0.12);--mantine-color-grape-light-color: var(--mantine-color-grape-9);--mantine-color-grape-outline: var(--mantine-color-grape-9);--mantine-color-grape-outline-hover: rgba(134, 46, 156, 0.05);--mantine-color-violet-filled: var(--mantine-color-violet-9);--mantine-color-violet-filled-hover: var(--mantine-color-violet-8);--mantine-color-violet-light: rgba(95, 61, 196, 0.1);--mantine-color-violet-light-hover: rgba(95, 61, 196, 0.12);--mantine-color-violet-light-color: var(--mantine-color-violet-9);--mantine-color-violet-outline: var(--mantine-color-violet-9);--mantine-color-violet-outline-hover: rgba(95, 61, 196, 0.05);--mantine-color-indigo-filled: var(--mantine-color-indigo-9);--mantine-color-indigo-filled-hover: var(--mantine-color-indigo-8);--mantine-color-indigo-light: rgba(54, 79, 199, 0.1);--mantine-color-indigo-light-hover: rgba(54, 79, 199, 0.12);--mantine-color-indigo-light-color: var(--mantine-color-indigo-9);--mantine-color-indigo-outline: var(--mantine-color-indigo-9);--mantine-color-indigo-outline-hover: rgba(54, 79, 199, 0.05);--mantine-color-blue-filled: var(--mantine-color-blue-9);--mantine-color-blue-filled-hover: var(--mantine-color-blue-8);--mantine-color-blue-light: rgba(46, 107, 120, 0.1);--mantine-color-blue-light-hover: rgba(46, 107, 120, 0.12);--mantine-color-blue-light-color: var(--mantine-color-blue-9);--mantine-color-blue-outline: var(--mantine-color-blue-9);--mantine-color-blue-outline-hover: rgba(46, 107, 120, 0.05);--mantine-color-cyan-filled: var(--mantine-color-cyan-9);--mantine-color-cyan-filled-hover: var(--mantine-color-cyan-8);--mantine-color-cyan-light: rgba(11, 114, 133, 0.1);--mantine-color-cyan-light-hover: rgba(11, 114, 133, 0.12);--mantine-color-cyan-light-color: var(--mantine-color-cyan-9);--mantine-color-cyan-outline: var(--mantine-color-cyan-9);--mantine-color-cyan-outline-hover: rgba(11, 114, 133, 0.05);--mantine-color-teal-filled: var(--mantine-color-teal-9);--mantine-color-teal-filled-hover: var(--mantine-color-teal-8);--mantine-color-teal-light: rgba(8, 127, 91, 0.1);--mantine-color-teal-light-hover: rgba(8, 127, 91, 0.12);--mantine-color-teal-light-color: var(--mantine-color-teal-9);--mantine-color-teal-outline: var(--mantine-color-teal-9);--mantine-color-teal-outline-hover: rgba(8, 127, 91, 0.05);--mantine-color-green-filled: var(--mantine-color-green-9);--mantine-color-green-filled-hover: var(--mantine-color-green-8);--mantine-color-green-light: rgba(29, 154, 120, 0.1);--mantine-color-green-light-hover: rgba(29, 154, 120, 0.12);--mantine-color-green-light-color: var(--mantine-color-green-9);--mantine-color-green-outline: var(--mantine-color-green-9);--mantine-color-green-outline-hover: rgba(29, 154, 120, 0.05);--mantine-color-lime-filled: var(--mantine-color-lime-9);--mantine-color-lime-filled-hover: var(--mantine-color-lime-8);--mantine-color-lime-light: rgba(92, 148, 13, 0.1);--mantine-color-lime-light-hover: rgba(92, 148, 13, 0.12);--mantine-color-lime-light-color: var(--mantine-color-lime-9);--mantine-color-lime-outline: var(--mantine-color-lime-9);--mantine-color-lime-outline-hover: rgba(92, 148, 13, 0.05);--mantine-color-yellow-filled: var(--mantine-color-yellow-9);--mantine-color-yellow-filled-hover: var(--mantine-color-yellow-8);--mantine-color-yellow-light: rgba(174, 129, 0, 0.1);--mantine-color-yellow-light-hover: rgba(174, 129, 0, 0.12);--mantine-color-yellow-light-color: var(--mantine-color-yellow-9);--mantine-color-yellow-outline: var(--mantine-color-yellow-9);--mantine-color-yellow-outline-hover: rgba(174, 129, 0, 0.05);--mantine-color-orange-filled: var(--mantine-color-orange-9);--mantine-color-orange-filled-hover: var(--mantine-color-orange-8);--mantine-color-orange-light: rgba(163, 70, 0, 0.1);--mantine-color-orange-light-hover: rgba(163, 70, 0, 0.12);--mantine-color-orange-light-color: var(--mantine-color-orange-9);--mantine-color-orange-outline: var(--mantine-color-orange-9);--mantine-color-orange-outline-hover: rgba(163, 70, 0, 0.05);--mantine-color-light_green-text: var(--mantine-color-light_green-filled);--mantine-color-light_green-filled: var(--mantine-color-light_green-9);--mantine-color-light_green-filled-hover: var(--mantine-color-light_green-8);--mantine-color-light_green-light: rgba(35, 122, 100, 0.1);--mantine-color-light_green-light-hover: rgba(35, 122, 100, 0.12);--mantine-color-light_green-light-color: var(--mantine-color-light_green-9);--mantine-color-light_green-outline: var(--mantine-color-light_green-9);--mantine-color-light_green-outline-hover: rgba(35, 122, 100, 0.05);--mantine-color-light_orange-text: var(--mantine-color-light_orange-filled);--mantine-color-light_orange-filled: var(--mantine-color-light_orange-9);--mantine-color-light_orange-filled-hover: var(--mantine-color-light_orange-8);--mantine-color-light_orange-light: rgba(174, 131, 0, 0.1);--mantine-color-light_orange-light-hover: rgba(174, 131, 0, 0.12);--mantine-color-light_orange-light-color: var(--mantine-color-light_orange-9);--mantine-color-light_orange-outline: var(--mantine-color-light_orange-9);--mantine-color-light_orange-outline-hover: rgba(174, 131, 0, 0.05);}
  </style>
  <style
    data-mantine-styles="classes"
  >
    @media (max-width: 35.99375em) {.mantine-visible-from-xs {display: none !important;}}@media (min-width: 36em) {.mantine-hidden-from-xs {display: none !important;}}@media (max-width: 47.99375em) {.mantine-visible-from-sm {display: none !important;}}@media (min-width: 48em) {.mantine-hidden-from-sm {display: none !important;}}@media (max-width: 61.99375em) {.mantine-visible-from-md {display: none !important;}}@media (min-width: 62em) {.mantine-hidden-from-md {display: none !important;}}@media (max-width: 74.99375em) {.mantine-visible-from-lg {display: none !important;}}@media (min-width: 75em) {.mantine-hidden-from-lg {display: none !important;}}@media (max-width: 87.99375em) {.mantine-visible-from-xl {display: none !important;}}@media (min-width: 88em) {.mantine-hidden-from-xl {display: none !important;}}@media (max-width: 119.99375em) {.mantine-visible-from-xxl {display: none !important;}}@media (min-width: 120em) {.mantine-hidden-from-xxl {display: none !important;}}
  </style>
  <div
    class="m_e615b15f mantine-Card-root m_1b7284a3 mantine-Paper-root"
    data-testid="CreateOrganizationPaper"
    data-with-border="true"
    style="--paper-radius: var(--mantine-radius-lg); --paper-shadow: var(--mantine-shadow-sm); --card-padding: var(--mantine-spacing-lg);"
  >
    <div
      class="m_4081bf90 mantine-Group-root"
      style="--group-gap: var(--mantine-spacing-md); --group-align: center; --group-justify: flex-start; --group-wrap: wrap;"
    >
      <img
        alt="Company Logo"
        src="/src/assets/logo.png"
        style="max-width: 400px;"
      />
      <form
        style="flex-grow: 1; flex-shrink: 1; flex-basis: 0%;"
      >
        <div
          class="m_6d731127 mantine-Stack-root"
          style="--stack-gap: var(--mantine-spacing-xl); --stack-align: center; --stack-justify: flex-start;"
        >
          <h2
            class="m_8a5d1357 mantine-Title-root"
            data-order="2"
            style="--title-fw: var(--mantine-h2-font-weight); --title-lh: var(--mantine-h2-line-height); --title-fz: var(--mantine-h2-font-size);"
          >
            Create An Organization
          </h2>
          <div
            class="m_46b77525 mantine-InputWrapper-root mantine-TextInput-root"
            data-size="md"
            style="width: 500px;"
          >
            <label
              class="m_8fdc1311 mantine-InputWrapper-label mantine-TextInput-label"
              data-required="true"
              data-size="md"
              for=""
              id=""
              style="--input-label-size: var(--mantine-font-size-md);"
            >
              Organization Name
              <span
                aria-hidden="true"
                class="m_78a94662 mantine-InputWrapper-required mantine-TextInput-required"
                style=""
              >
                 *
              </span>
            </label>
            <div
              class="m_6c018570 mantine-Input-wrapper mantine-TextInput-wrapper"
              data-size="md"
              data-variant="default"
              style="--input-height: var(--input-height-md); --input-fz: var(--mantine-font-size-md); --input-radius: var(--mantine-radius-md);"
            >
              <input
                aria-invalid="false"
                class="m_8fb7ebe7 mantine-Input-input mantine-TextInput-input"
                data-path="name"
                data-variant="default"
                formaction="http://localhost:3000/"
                formmethod=""
                id=""
                placeholder="Enter Name"
                required=""
                style=""
                value=""
              />
            </div>
          </div>
          <div
            class="m_46b77525 mantine-InputWrapper-root mantine-TextInput-root"
            data-size="md"
            style="width: 500px;"
          >
            <label
              class="m_8fdc1311 mantine-InputWrapper-label mantine-TextInput-label"
              data-required="true"
              data-size="md"
              for=""
              id=""
              style="--input-label-size: var(--mantine-font-size-md);"
            >
              Organization Address
              <span
                aria-hidden="true"
                class="m_78a94662 mantine-InputWrapper-required mantine-TextInput-required"
                style=""
              >
                 *
              </span>
            </label>
            <div
              class="m_6c018570 mantine-Input-wrapper mantine-TextInput-wrapper"
              data-size="md"
              data-variant="default"
              style="--input-height: var(--input-height-md); --input-fz: var(--mantine-font-size-md); --input-radius: var(--mantine-radius-md);"
            >
              <input
                aria-invalid="false"
                class="m_8fb7ebe7 mantine-Input-input mantine-TextInput-input"
                data-path="address"
                data-variant="default"
                formaction="http://localhost:3000/"
                formmethod=""
                id=""
                placeholder="Enter Address"
                required=""
                style=""
                value=""
              />
            </div>
          </div>
          <div
            class="m_46b77525 mantine-InputWrapper-root mantine-TextInput-root"
            data-size="md"
            style="width: 500px;"
          >
            <label
              class="m_8fdc1311 mantine-InputWrapper-label mantine-TextInput-label"
              data-required="true"
              data-size="md"
              for=""
              id=""
              style="--input-label-size: var(--mantine-font-size-md);"
            >
              City
              <span
                aria-hidden="true"
                class="m_78a94662 mantine-InputWrapper-required mantine-TextInput-required"
                style=""
              >
                 *
              </span>
            </label>
            <div
              class="m_6c018570 mantine-Input-wrapper mantine-TextInput-wrapper"
              data-size="md"
              data-variant="default"
              style="--input-height: var(--input-height-md); --input-fz: var(--mantine-font-size-md); --input-radius: var(--mantine-radius-md);"
            >
              <input
                aria-invalid="false"
                class="m_8fb7ebe7 mantine-Input-input mantine-TextInput-input"
                data-path="city"
                data-variant="default"
                formaction="http://localhost:3000/"
                formmethod=""
                id=""
                placeholder="Enter City"
                required=""
                style=""
                value=""
              />
            </div>
          </div>
          <div
            class="m_46b77525 mantine-InputWrapper-root mantine-Autocomplete-root"
            data-size="md"
            style="width: 500px;"
          >
            <label
              class="m_8fdc1311 mantine-InputWrapper-label mantine-Autocomplete-label"
              data-required="true"
              data-size="md"
              for=""
              id=""
              style="--input-label-size: var(--mantine-font-size-md);"
            >
              Country
              <span
                aria-hidden="true"
                class="m_78a94662 mantine-InputWrapper-required mantine-Autocomplete-required"
                style=""
              >
                 *
              </span>
            </label>
            <div
              class="m_6c018570 mantine-Input-wrapper mantine-Autocomplete-wrapper"
              data-size="md"
              data-variant="default"
              style="--input-height: var(--input-height-md); --input-fz: var(--mantine-font-size-md); --input-radius: var(--mantine-radius-md);"
            >
              <input
                aria-haspopup="listbox"
                aria-invalid="false"
                aria-label="Country"
                autocomplete="off"
                class="m_8fb7ebe7 mantine-Input-input mantine-Autocomplete-input"
                data-path="country"
                data-variant="default"
                formaction="http://localhost:3000/"
                formmethod=""
                id=""
                placeholder="Select Country"
                required=""
                style=""
                value=""
              />
            </div>
          </div>
          <div
            class="m_46b77525 mantine-InputWrapper-root mantine-MultiSelect-root"
            data-size="md"
            style="width: 500px;"
          >
            <label
              class="m_8fdc1311 mantine-InputWrapper-label mantine-MultiSelect-label"
              data-required="true"
              data-size="md"
              for=""
              id=""
              style="--input-label-size: var(--mantine-font-size-md);"
            >
              Stakeholders
              <span
                aria-hidden="true"
                class="m_78a94662 mantine-InputWrapper-required mantine-MultiSelect-required"
                style=""
              >
                 *
              </span>
            </label>
            <div
              class="m_6c018570 mantine-Input-wrapper mantine-MultiSelect-wrapper"
              data-multiline="true"
              data-size="md"
              data-variant="default"
              data-with-right-section="true"
              style="--input-height: var(--input-height-md); --input-fz: var(--mantine-font-size-md); --input-radius: var(--mantine-radius-md); --input-padding-y: var(--input-padding-y-md); --input-right-section-pointer-events: none;"
            >
              <div
                class="m_8fb7ebe7 mantine-Input-input mantine-MultiSelect-input"
                data-variant="default"
                required=""
                style=""
              >
                <div
                  class="mantine-MultiSelect-pillsList m_1dcfd90b mantine-PillGroup-group"
                  data-size="md"
                  style="--pg-gap: var(--pg-gap-md);"
                >
                  <input
                    aria-haspopup="listbox"
                    aria-invalid="false"
                    aria-label="Stakeholders"
                    autocomplete="off"
                    class="mantine-MultiSelect-inputField m_45c4369d mantine-PillsInputField-field"
                    data-path="stakeholders"
                    data-type="visible"
                    formaction="http://localhost:3000/"
                    formmethod=""
                    id=""
                    placeholder="Select Stakeholders"
                    style=""
                    type="text"
                    value=""
                  />
                </div>
              </div>
              <div
                class="m_82577fc2 mantine-Input-section mantine-MultiSelect-section"
                data-position="right"
                style=""
              >
                <svg
                  class="m_2943220b mantine-ComboboxChevron-chevron"
                  data-combobox-chevron="true"
                  data-size="md"
                  fill="none"
                  style="--combobox-chevron-size: var(--combobox-chevron-size-md);"
                  viewBox="0 0 15 15"
                  xmlns="http://www.w3.org/2000/svg"
                >
                  <path
                    clip-rule="evenodd"
                    d="M4.93179 5.43179C4.75605 5.60753 4.75605 5.89245 4.93179 6.06819C5.10753 6.24392 5.39245 6.24392 5.56819 6.06819L7.49999 4.13638L9.43179 6.06819C9.60753 6.24392 9.89245 6.24392 10.0682 6.06819C10.2439 5.89245 10.2439 5.60753 10.0682 5.43179L7.81819 3.18179C7.73379 3.0974 7.61933 3.04999 7.49999 3.04999C7.38064 3.04999 7.26618 3.0974 7.18179 3.18179L4.93179 5.43179ZM10.0682 9.56819C10.2439 9.39245 10.2439 9.10753 10.0682 8.93179C9.89245 8.75606 9.60753 8.75606 9.43179 8.93179L7.49999 10.8636L5.56819 8.93179C5.39245 8.75606 5.10753 8.75606 4.93179 8.93179C4.75605 9.10753 4.75605 9.39245 4.93179 9.56819L7.18179 11.8182C7.35753 11.9939 7.64245 11.9939 7.81819 11.8182L10.0682 9.56819Z"
                    fill="currentColor"
                    fill-rule="evenodd"
                  />
                </svg>
              </div>
            </div>
          </div>
          <input
            formaction="http://localhost:3000/"
            formmethod=""
            type="hidden"
            value=""
          />
          <button
            class="mantine-focus-auto mantine-active m_77c9d27d mantine-Button-root m_87cf2631 mantine-UnstyledButton-root"
            data-size="md"
            style="--button-height: var(--button-height-md); --button-padding-x: var(--button-padding-x-md); --button-fz: var(--mantine-font-size-md); --button-radius: var(--mantine-radius-lg); --button-bg: var(--mantine-color-green-filled); --button-hover: var(--mantine-color-green-filled-hover); --button-color: var(--mantine-color-white); --button-bd: calc(0.0625rem * var(--mantine-scale)) solid transparent; width: 500px;"
            type="submit"
          >
            <span
              class="m_80f1301b mantine-Button-inner"
              style=""
            >
              <span
                class="m_811560b9 mantine-Button-label"
                style=""
              >
                Create Organization
              </span>
            </span>
          </button>
        </div>
      </form>
    </div>
  </div>
</div>
`;
