// Vitest Snapshot v1, https://vitest.dev/guide/snapshot.html

exports[`EditProfileForm > Snapshot 1`] = `
<div>
  <style
    data-mantine-styles="true"
  >
    :root{--mantine-font-family: Plus Jakarta Sans, sans-serif;--mantine-font-family-headings: Plus Jakarta Sans, sans-serif;--mantine-primary-color-filled: var(--mantine-color-green-filled);--mantine-primary-color-filled-hover: var(--mantine-color-green-filled-hover);--mantine-primary-color-light: var(--mantine-color-green-light);--mantine-primary-color-light-hover: var(--mantine-color-green-light-hover);--mantine-primary-color-light-color: var(--mantine-color-green-light-color);--mantine-breakpoint-xxl: 120em;--mantine-primary-color-0: var(--mantine-color-green-0);--mantine-primary-color-1: var(--mantine-color-green-1);--mantine-primary-color-2: var(--mantine-color-green-2);--mantine-primary-color-3: var(--mantine-color-green-3);--mantine-primary-color-4: var(--mantine-color-green-4);--mantine-primary-color-5: var(--mantine-color-green-5);--mantine-primary-color-6: var(--mantine-color-green-6);--mantine-primary-color-7: var(--mantine-color-green-7);--mantine-primary-color-8: var(--mantine-color-green-8);--mantine-primary-color-9: var(--mantine-color-green-9);--mantine-color-red-0: #ffeeea;--mantine-color-red-1: #fbdbd6;--mantine-color-red-2: #f0b6ab;--mantine-color-red-3: #e68e7d;--mantine-color-red-4: #de6d56;--mantine-color-red-5: #da573d;--mantine-color-red-6: #d84c30;--mantine-color-red-7: #c03d23;--mantine-color-red-8: #ac341d;--mantine-color-red-9: #972a16;--mantine-color-blue-0: #E9F7FE;--mantine-color-blue-1: #9DD2F3;--mantine-color-blue-2: #89C7EF;--mantine-color-blue-3: #75BCEB;--mantine-color-blue-4: #61B1E7;--mantine-color-blue-5: #3592E3;--mantine-color-blue-6: #3485D4;--mantine-color-blue-7: #3378C5;--mantine-color-blue-8: #326BB6;--mantine-color-blue-9: #31658D;--mantine-color-green-0: #EAFAF0;--mantine-color-green-1: #A6DBC9;--mantine-color-green-2: #8ED3BC;--mantine-color-green-3: #76CCAF;--mantine-color-green-4: #5EC4A2;--mantine-color-green-5: #1B9D7E;--mantine-color-green-6: #1B8E73;--mantine-color-green-7: #1C7F68;--mantine-color-green-8: #206D59;--mantine-color-green-9: #1B9D7E;--mantine-color-yellow-0: #fffae5;--mantine-color-yellow-1: #fff3d0;--mantine-color-yellow-2: #fee69f;--mantine-color-yellow-3: #fed869;--mantine-color-yellow-4: #fecc3f;--mantine-color-yellow-5: #fec426;--mantine-color-yellow-6: #fec019;--mantine-color-yellow-7: #e2a90c;--mantine-color-yellow-8: #c99600;--mantine-color-yellow-9: #ae8100;--mantine-color-orange-0: #FEE6C8;--mantine-color-orange-1: #FBCA94;--mantine-color-orange-2: #FAC082;--mantine-color-orange-3: #F8B670;--mantine-color-orange-4: #F7AC5E;--mantine-color-orange-5: #F59B3A;--mantine-color-orange-6: #E68E32;--mantine-color-orange-7: #D7812A;--mantine-color-orange-8: #C8741E;--mantine-color-orange-9: #CC7212;--mantine-color-purple-0: #EFECFE;--mantine-color-purple-1: #BAAEF6;--mantine-color-purple-2: #ACA0F4;--mantine-color-purple-3: #9E92F2;--mantine-color-purple-4: #9084F0;--mantine-color-purple-5: #8671EF;--mantine-color-purple-6: #7B6AE0;--mantine-color-purple-7: #7063D1;--mantine-color-purple-8: #6560C2;--mantine-color-purple-9: #5C5CAE;}:root[data-mantine-color-scheme="dark"]{--mantine-color-anchor: var(--mantine-color-green-4);--mantine-color-dark-filled: var(--mantine-color-dark-9);--mantine-color-dark-filled-hover: var(--mantine-color-dark-8);--mantine-color-dark-light: rgba(36, 36, 36, 0.15);--mantine-color-dark-light-hover: rgba(36, 36, 36, 0.2);--mantine-color-dark-light-color: var(--mantine-color-dark-4);--mantine-color-dark-outline: var(--mantine-color-dark-5);--mantine-color-dark-outline-hover: rgba(59, 59, 59, 0.05);--mantine-color-gray-filled: var(--mantine-color-gray-9);--mantine-color-gray-filled-hover: var(--mantine-color-gray-8);--mantine-color-gray-light: rgba(73, 80, 87, 0.15);--mantine-color-gray-light-hover: rgba(73, 80, 87, 0.2);--mantine-color-gray-light-color: var(--mantine-color-gray-4);--mantine-color-gray-outline: var(--mantine-color-gray-5);--mantine-color-gray-outline-hover: rgba(173, 181, 189, 0.05);--mantine-color-red-filled: var(--mantine-color-red-9);--mantine-color-red-filled-hover: var(--mantine-color-red-8);--mantine-color-red-light: rgba(192, 61, 35, 0.15);--mantine-color-red-light-hover: rgba(192, 61, 35, 0.2);--mantine-color-red-light-color: var(--mantine-color-red-4);--mantine-color-red-outline: var(--mantine-color-red-5);--mantine-color-red-outline-hover: rgba(218, 87, 61, 0.05);--mantine-color-pink-filled: var(--mantine-color-pink-9);--mantine-color-pink-filled-hover: var(--mantine-color-pink-8);--mantine-color-pink-light: rgba(214, 51, 108, 0.15);--mantine-color-pink-light-hover: rgba(214, 51, 108, 0.2);--mantine-color-pink-light-color: var(--mantine-color-pink-4);--mantine-color-pink-outline: var(--mantine-color-pink-5);--mantine-color-pink-outline-hover: rgba(240, 101, 149, 0.05);--mantine-color-grape-filled: var(--mantine-color-grape-9);--mantine-color-grape-filled-hover: var(--mantine-color-grape-8);--mantine-color-grape-light: rgba(174, 62, 201, 0.15);--mantine-color-grape-light-hover: rgba(174, 62, 201, 0.2);--mantine-color-grape-light-color: var(--mantine-color-grape-4);--mantine-color-grape-outline: var(--mantine-color-grape-5);--mantine-color-grape-outline-hover: rgba(204, 93, 232, 0.05);--mantine-color-violet-filled: var(--mantine-color-violet-9);--mantine-color-violet-filled-hover: var(--mantine-color-violet-8);--mantine-color-violet-light: rgba(112, 72, 232, 0.15);--mantine-color-violet-light-hover: rgba(112, 72, 232, 0.2);--mantine-color-violet-light-color: var(--mantine-color-violet-4);--mantine-color-violet-outline: var(--mantine-color-violet-5);--mantine-color-violet-outline-hover: rgba(132, 94, 247, 0.05);--mantine-color-indigo-filled: var(--mantine-color-indigo-9);--mantine-color-indigo-filled-hover: var(--mantine-color-indigo-8);--mantine-color-indigo-light: rgba(66, 99, 235, 0.15);--mantine-color-indigo-light-hover: rgba(66, 99, 235, 0.2);--mantine-color-indigo-light-color: var(--mantine-color-indigo-4);--mantine-color-indigo-outline: var(--mantine-color-indigo-5);--mantine-color-indigo-outline-hover: rgba(92, 124, 250, 0.05);--mantine-color-blue-filled: var(--mantine-color-blue-9);--mantine-color-blue-filled-hover: var(--mantine-color-blue-8);--mantine-color-blue-light: rgba(51, 120, 197, 0.15);--mantine-color-blue-light-hover: rgba(51, 120, 197, 0.2);--mantine-color-blue-light-color: var(--mantine-color-blue-4);--mantine-color-blue-outline: var(--mantine-color-blue-5);--mantine-color-blue-outline-hover: rgba(53, 146, 227, 0.05);--mantine-color-cyan-filled: var(--mantine-color-cyan-9);--mantine-color-cyan-filled-hover: var(--mantine-color-cyan-8);--mantine-color-cyan-light: rgba(16, 152, 173, 0.15);--mantine-color-cyan-light-hover: rgba(16, 152, 173, 0.2);--mantine-color-cyan-light-color: var(--mantine-color-cyan-4);--mantine-color-cyan-outline: var(--mantine-color-cyan-5);--mantine-color-cyan-outline-hover: rgba(34, 184, 207, 0.05);--mantine-color-teal-filled: var(--mantine-color-teal-9);--mantine-color-teal-filled-hover: var(--mantine-color-teal-8);--mantine-color-teal-light: rgba(12, 166, 120, 0.15);--mantine-color-teal-light-hover: rgba(12, 166, 120, 0.2);--mantine-color-teal-light-color: var(--mantine-color-teal-4);--mantine-color-teal-outline: var(--mantine-color-teal-5);--mantine-color-teal-outline-hover: rgba(32, 201, 151, 0.05);--mantine-color-green-filled: var(--mantine-color-green-9);--mantine-color-green-filled-hover: var(--mantine-color-green-8);--mantine-color-green-light: rgba(28, 127, 104, 0.15);--mantine-color-green-light-hover: rgba(28, 127, 104, 0.2);--mantine-color-green-light-color: var(--mantine-color-green-4);--mantine-color-green-outline: var(--mantine-color-green-5);--mantine-color-green-outline-hover: rgba(27, 157, 126, 0.05);--mantine-color-lime-filled: var(--mantine-color-lime-9);--mantine-color-lime-filled-hover: var(--mantine-color-lime-8);--mantine-color-lime-light: rgba(116, 184, 22, 0.15);--mantine-color-lime-light-hover: rgba(116, 184, 22, 0.2);--mantine-color-lime-light-color: var(--mantine-color-lime-4);--mantine-color-lime-outline: var(--mantine-color-lime-5);--mantine-color-lime-outline-hover: rgba(148, 216, 45, 0.05);--mantine-color-yellow-filled: var(--mantine-color-yellow-9);--mantine-color-yellow-filled-hover: var(--mantine-color-yellow-8);--mantine-color-yellow-light: rgba(226, 169, 12, 0.15);--mantine-color-yellow-light-hover: rgba(226, 169, 12, 0.2);--mantine-color-yellow-light-color: var(--mantine-color-yellow-4);--mantine-color-yellow-outline: var(--mantine-color-yellow-5);--mantine-color-yellow-outline-hover: rgba(254, 196, 38, 0.05);--mantine-color-orange-filled: var(--mantine-color-orange-9);--mantine-color-orange-filled-hover: var(--mantine-color-orange-8);--mantine-color-orange-light: rgba(215, 129, 42, 0.15);--mantine-color-orange-light-hover: rgba(215, 129, 42, 0.2);--mantine-color-orange-light-color: var(--mantine-color-orange-4);--mantine-color-orange-outline: var(--mantine-color-orange-5);--mantine-color-orange-outline-hover: rgba(245, 155, 58, 0.05);--mantine-color-purple-text: var(--mantine-color-purple-4);--mantine-color-purple-filled: var(--mantine-color-purple-9);--mantine-color-purple-filled-hover: var(--mantine-color-purple-8);--mantine-color-purple-light: rgba(112, 99, 209, 0.15);--mantine-color-purple-light-hover: rgba(112, 99, 209, 0.2);--mantine-color-purple-light-color: var(--mantine-color-purple-4);--mantine-color-purple-outline: var(--mantine-color-purple-5);--mantine-color-purple-outline-hover: rgba(134, 113, 239, 0.05);}:root[data-mantine-color-scheme="light"]{--mantine-color-anchor: var(--mantine-color-green-9);--mantine-color-dark-filled: var(--mantine-color-dark-9);--mantine-color-dark-filled-hover: var(--mantine-color-dark-8);--mantine-color-dark-light: rgba(20, 20, 20, 0.1);--mantine-color-dark-light-hover: rgba(20, 20, 20, 0.12);--mantine-color-dark-light-color: var(--mantine-color-dark-9);--mantine-color-dark-outline: var(--mantine-color-dark-9);--mantine-color-dark-outline-hover: rgba(20, 20, 20, 0.05);--mantine-color-gray-filled: var(--mantine-color-gray-9);--mantine-color-gray-filled-hover: var(--mantine-color-gray-8);--mantine-color-gray-light: rgba(33, 37, 41, 0.1);--mantine-color-gray-light-hover: rgba(33, 37, 41, 0.12);--mantine-color-gray-light-color: var(--mantine-color-gray-9);--mantine-color-gray-outline: var(--mantine-color-gray-9);--mantine-color-gray-outline-hover: rgba(33, 37, 41, 0.05);--mantine-color-red-filled: var(--mantine-color-red-9);--mantine-color-red-filled-hover: var(--mantine-color-red-8);--mantine-color-red-light: rgba(151, 42, 22, 0.1);--mantine-color-red-light-hover: rgba(151, 42, 22, 0.12);--mantine-color-red-light-color: var(--mantine-color-red-9);--mantine-color-red-outline: var(--mantine-color-red-9);--mantine-color-red-outline-hover: rgba(151, 42, 22, 0.05);--mantine-color-pink-filled: var(--mantine-color-pink-9);--mantine-color-pink-filled-hover: var(--mantine-color-pink-8);--mantine-color-pink-light: rgba(166, 30, 77, 0.1);--mantine-color-pink-light-hover: rgba(166, 30, 77, 0.12);--mantine-color-pink-light-color: var(--mantine-color-pink-9);--mantine-color-pink-outline: var(--mantine-color-pink-9);--mantine-color-pink-outline-hover: rgba(166, 30, 77, 0.05);--mantine-color-grape-filled: var(--mantine-color-grape-9);--mantine-color-grape-filled-hover: var(--mantine-color-grape-8);--mantine-color-grape-light: rgba(134, 46, 156, 0.1);--mantine-color-grape-light-hover: rgba(134, 46, 156, 0.12);--mantine-color-grape-light-color: var(--mantine-color-grape-9);--mantine-color-grape-outline: var(--mantine-color-grape-9);--mantine-color-grape-outline-hover: rgba(134, 46, 156, 0.05);--mantine-color-violet-filled: var(--mantine-color-violet-9);--mantine-color-violet-filled-hover: var(--mantine-color-violet-8);--mantine-color-violet-light: rgba(95, 61, 196, 0.1);--mantine-color-violet-light-hover: rgba(95, 61, 196, 0.12);--mantine-color-violet-light-color: var(--mantine-color-violet-9);--mantine-color-violet-outline: var(--mantine-color-violet-9);--mantine-color-violet-outline-hover: rgba(95, 61, 196, 0.05);--mantine-color-indigo-filled: var(--mantine-color-indigo-9);--mantine-color-indigo-filled-hover: var(--mantine-color-indigo-8);--mantine-color-indigo-light: rgba(54, 79, 199, 0.1);--mantine-color-indigo-light-hover: rgba(54, 79, 199, 0.12);--mantine-color-indigo-light-color: var(--mantine-color-indigo-9);--mantine-color-indigo-outline: var(--mantine-color-indigo-9);--mantine-color-indigo-outline-hover: rgba(54, 79, 199, 0.05);--mantine-color-blue-filled: var(--mantine-color-blue-9);--mantine-color-blue-filled-hover: var(--mantine-color-blue-8);--mantine-color-blue-light: rgba(49, 101, 141, 0.1);--mantine-color-blue-light-hover: rgba(49, 101, 141, 0.12);--mantine-color-blue-light-color: var(--mantine-color-blue-9);--mantine-color-blue-outline: var(--mantine-color-blue-9);--mantine-color-blue-outline-hover: rgba(49, 101, 141, 0.05);--mantine-color-cyan-filled: var(--mantine-color-cyan-9);--mantine-color-cyan-filled-hover: var(--mantine-color-cyan-8);--mantine-color-cyan-light: rgba(11, 114, 133, 0.1);--mantine-color-cyan-light-hover: rgba(11, 114, 133, 0.12);--mantine-color-cyan-light-color: var(--mantine-color-cyan-9);--mantine-color-cyan-outline: var(--mantine-color-cyan-9);--mantine-color-cyan-outline-hover: rgba(11, 114, 133, 0.05);--mantine-color-teal-filled: var(--mantine-color-teal-9);--mantine-color-teal-filled-hover: var(--mantine-color-teal-8);--mantine-color-teal-light: rgba(8, 127, 91, 0.1);--mantine-color-teal-light-hover: rgba(8, 127, 91, 0.12);--mantine-color-teal-light-color: var(--mantine-color-teal-9);--mantine-color-teal-outline: var(--mantine-color-teal-9);--mantine-color-teal-outline-hover: rgba(8, 127, 91, 0.05);--mantine-color-green-filled: var(--mantine-color-green-9);--mantine-color-green-filled-hover: var(--mantine-color-green-8);--mantine-color-green-light: rgba(27, 157, 126, 0.1);--mantine-color-green-light-hover: rgba(27, 157, 126, 0.12);--mantine-color-green-light-color: var(--mantine-color-green-9);--mantine-color-green-outline: var(--mantine-color-green-9);--mantine-color-green-outline-hover: rgba(27, 157, 126, 0.05);--mantine-color-lime-filled: var(--mantine-color-lime-9);--mantine-color-lime-filled-hover: var(--mantine-color-lime-8);--mantine-color-lime-light: rgba(92, 148, 13, 0.1);--mantine-color-lime-light-hover: rgba(92, 148, 13, 0.12);--mantine-color-lime-light-color: var(--mantine-color-lime-9);--mantine-color-lime-outline: var(--mantine-color-lime-9);--mantine-color-lime-outline-hover: rgba(92, 148, 13, 0.05);--mantine-color-yellow-filled: var(--mantine-color-yellow-9);--mantine-color-yellow-filled-hover: var(--mantine-color-yellow-8);--mantine-color-yellow-light: rgba(174, 129, 0, 0.1);--mantine-color-yellow-light-hover: rgba(174, 129, 0, 0.12);--mantine-color-yellow-light-color: var(--mantine-color-yellow-9);--mantine-color-yellow-outline: var(--mantine-color-yellow-9);--mantine-color-yellow-outline-hover: rgba(174, 129, 0, 0.05);--mantine-color-orange-filled: var(--mantine-color-orange-9);--mantine-color-orange-filled-hover: var(--mantine-color-orange-8);--mantine-color-orange-light: rgba(204, 114, 18, 0.1);--mantine-color-orange-light-hover: rgba(204, 114, 18, 0.12);--mantine-color-orange-light-color: var(--mantine-color-orange-9);--mantine-color-orange-outline: var(--mantine-color-orange-9);--mantine-color-orange-outline-hover: rgba(204, 114, 18, 0.05);--mantine-color-purple-text: var(--mantine-color-purple-filled);--mantine-color-purple-filled: var(--mantine-color-purple-9);--mantine-color-purple-filled-hover: var(--mantine-color-purple-8);--mantine-color-purple-light: rgba(92, 92, 174, 0.1);--mantine-color-purple-light-hover: rgba(92, 92, 174, 0.12);--mantine-color-purple-light-color: var(--mantine-color-purple-9);--mantine-color-purple-outline: var(--mantine-color-purple-9);--mantine-color-purple-outline-hover: rgba(92, 92, 174, 0.05);}
  </style>
  <style
    data-mantine-styles="classes"
  >
    @media (max-width: 35.99375em) {.mantine-visible-from-xs {display: none !important;}}@media (min-width: 36em) {.mantine-hidden-from-xs {display: none !important;}}@media (max-width: 47.99375em) {.mantine-visible-from-sm {display: none !important;}}@media (min-width: 48em) {.mantine-hidden-from-sm {display: none !important;}}@media (max-width: 61.99375em) {.mantine-visible-from-md {display: none !important;}}@media (min-width: 62em) {.mantine-hidden-from-md {display: none !important;}}@media (max-width: 74.99375em) {.mantine-visible-from-lg {display: none !important;}}@media (min-width: 75em) {.mantine-hidden-from-lg {display: none !important;}}@media (max-width: 87.99375em) {.mantine-visible-from-xl {display: none !important;}}@media (min-width: 88em) {.mantine-hidden-from-xl {display: none !important;}}@media (max-width: 119.99375em) {.mantine-visible-from-xxl {display: none !important;}}@media (min-width: 120em) {.mantine-hidden-from-xxl {display: none !important;}}
  </style>
  <div
    class="m_e615b15f mantine-Card-root m_1b7284a3 mantine-Paper-root"
    data-testid="EditProfileForm"
    data-with-border="true"
    style="--paper-radius: var(--mantine-radius-lg); --paper-shadow: var(--mantine-shadow-sm); --card-padding: var(--mantine-spacing-lg);"
  >
    <h3
      class="m_8a5d1357 mantine-Title-root"
      data-order="3"
      style="--title-fw: var(--mantine-h3-font-weight); --title-lh: var(--mantine-h3-line-height); --title-fz: var(--mantine-h3-font-size); margin-bottom: var(--mantine-spacing-md);"
    >
      Edit Profile
    </h3>
    <form>
      <div
        class="m_46b77525 mantine-InputWrapper-root mantine-TextInput-root"
        style="margin-bottom: var(--mantine-spacing-sm);"
      >
        <label
          class="m_8fdc1311 mantine-InputWrapper-label mantine-TextInput-label"
          for=""
          id=""
          style=""
        >
          First Name
        </label>
        <div
          class="m_6c018570 mantine-Input-wrapper mantine-TextInput-wrapper"
          data-variant="default"
          style=""
        >
          <input
            aria-invalid="false"
            class="m_8fb7ebe7 mantine-Input-input mantine-TextInput-input"
            data-path="firstName"
            data-variant="default"
            formaction="http://localhost:3000/"
            formmethod=""
            id=""
            placeholder="Your first name"
            style=""
            value=""
          />
        </div>
      </div>
      <div
        class="m_46b77525 mantine-InputWrapper-root mantine-TextInput-root"
        style="margin-bottom: var(--mantine-spacing-sm);"
      >
        <label
          class="m_8fdc1311 mantine-InputWrapper-label mantine-TextInput-label"
          for=""
          id=""
          style=""
        >
          Last Name
        </label>
        <div
          class="m_6c018570 mantine-Input-wrapper mantine-TextInput-wrapper"
          data-variant="default"
          style=""
        >
          <input
            aria-invalid="false"
            class="m_8fb7ebe7 mantine-Input-input mantine-TextInput-input"
            data-path="lastName"
            data-variant="default"
            formaction="http://localhost:3000/"
            formmethod=""
            id=""
            placeholder="Your last name"
            style=""
            value=""
          />
        </div>
      </div>
      <div
        class="m_46b77525 mantine-InputWrapper-root mantine-TextInput-root"
        style="margin-bottom: var(--mantine-spacing-sm);"
      >
        <label
          class="m_8fdc1311 mantine-InputWrapper-label mantine-TextInput-label"
          for=""
          id=""
          style=""
        >
          Email Address
        </label>
        <div
          class="m_6c018570 mantine-Input-wrapper mantine-TextInput-wrapper"
          data-variant="default"
          style=""
        >
          <input
            aria-invalid="false"
            class="m_8fb7ebe7 mantine-Input-input mantine-TextInput-input"
            data-path="email"
            data-variant="default"
            formaction="http://localhost:3000/"
            formmethod=""
            id=""
            placeholder="Your email"
            style=""
            value=""
          />
        </div>
      </div>
      <div
        class="m_f61ca620 mantine-PasswordInput-root m_46b77525 mantine-InputWrapper-root mantine-PasswordInput-root"
        style="margin-bottom: var(--mantine-spacing-sm);"
      >
        <label
          class="m_8fdc1311 mantine-InputWrapper-label mantine-PasswordInput-label"
          for=""
          id=""
          style=""
        >
          Current Password
        </label>
        <div
          class="m_6c018570 mantine-Input-wrapper mantine-PasswordInput-wrapper"
          data-variant="default"
          data-with-right-section="true"
          style="--input-left-section-pointer-events: none; --input-right-section-pointer-events: all;"
        >
          <div
            class="m_ccf8da4c m_8fb7ebe7 mantine-Input-input mantine-PasswordInput-input"
            data-variant="default"
            style=""
          >
            <input
              autocomplete="off"
              class="m_f2d85dd2 mantine-PasswordInput-innerInput"
              data-path="currentPassword"
              formaction="http://localhost:3000/"
              formmethod=""
              id=""
              placeholder="Current password"
              style=""
              type="password"
              value=""
            />
          </div>
          <div
            class="m_82577fc2 mantine-Input-section mantine-PasswordInput-section"
            data-position="right"
            style=""
          >
            <button
              aria-hidden="true"
              class="mantine-focus-auto mantine-active m_b1072d44 mantine-PasswordInput-visibilityToggle m_8d3f4000 mantine-ActionIcon-root m_87cf2631 mantine-UnstyledButton-root"
              data-variant="subtle"
              style="--ai-bg: transparent; --ai-hover: var(--mantine-color-gray-light-hover); --ai-color: var(--mantine-color-gray-light-color); --ai-bd: calc(0.0625rem * var(--mantine-scale)) solid transparent;"
              tabindex="-1"
              type="button"
            >
              <span
                class="m_8d3afb97 mantine-ActionIcon-icon"
                style=""
              >
                <svg
                  fill="none"
                  style="width: var(--psi-icon-size); height: var(--psi-icon-size);"
                  viewBox="0 0 15 15"
                  xmlns="http://www.w3.org/2000/svg"
                >
                  <path
                    clip-rule="evenodd"
                    d="M7.5 11C4.80285 11 2.52952 9.62184 1.09622 7.50001C2.52952 5.37816 4.80285 4 7.5 4C10.1971 4 12.4705 5.37816 13.9038 7.50001C12.4705 9.62183 10.1971 11 7.5 11ZM7.5 3C4.30786 3 1.65639 4.70638 0.0760002 7.23501C-0.0253338 7.39715 -0.0253334 7.60288 0.0760014 7.76501C1.65639 10.2936 4.30786 12 7.5 12C10.6921 12 13.3436 10.2936 14.924 7.76501C15.0253 7.60288 15.0253 7.39715 14.924 7.23501C13.3436 4.70638 10.6921 3 7.5 3ZM7.5 9.5C8.60457 9.5 9.5 8.60457 9.5 7.5C9.5 6.39543 8.60457 5.5 7.5 5.5C6.39543 5.5 5.5 6.39543 5.5 7.5C5.5 8.60457 6.39543 9.5 7.5 9.5Z"
                    fill="currentColor"
                    fill-rule="evenodd"
                  />
                </svg>
              </span>
            </button>
          </div>
        </div>
      </div>
      <div
        class="m_f61ca620 mantine-PasswordInput-root m_46b77525 mantine-InputWrapper-root mantine-PasswordInput-root"
        style="margin-bottom: var(--mantine-spacing-sm);"
      >
        <label
          class="m_8fdc1311 mantine-InputWrapper-label mantine-PasswordInput-label"
          for=""
          id=""
          style=""
        >
          New Password
        </label>
        <div
          class="m_6c018570 mantine-Input-wrapper mantine-PasswordInput-wrapper"
          data-variant="default"
          data-with-right-section="true"
          style="--input-left-section-pointer-events: none; --input-right-section-pointer-events: all;"
        >
          <div
            class="m_ccf8da4c m_8fb7ebe7 mantine-Input-input mantine-PasswordInput-input"
            data-variant="default"
            style=""
          >
            <input
              autocomplete="off"
              class="m_f2d85dd2 mantine-PasswordInput-innerInput"
              data-path="newPassword"
              formaction="http://localhost:3000/"
              formmethod=""
              id=""
              placeholder="New password"
              style=""
              type="password"
              value=""
            />
          </div>
          <div
            class="m_82577fc2 mantine-Input-section mantine-PasswordInput-section"
            data-position="right"
            style=""
          >
            <button
              aria-hidden="true"
              class="mantine-focus-auto mantine-active m_b1072d44 mantine-PasswordInput-visibilityToggle m_8d3f4000 mantine-ActionIcon-root m_87cf2631 mantine-UnstyledButton-root"
              data-variant="subtle"
              style="--ai-bg: transparent; --ai-hover: var(--mantine-color-gray-light-hover); --ai-color: var(--mantine-color-gray-light-color); --ai-bd: calc(0.0625rem * var(--mantine-scale)) solid transparent;"
              tabindex="-1"
              type="button"
            >
              <span
                class="m_8d3afb97 mantine-ActionIcon-icon"
                style=""
              >
                <svg
                  fill="none"
                  style="width: var(--psi-icon-size); height: var(--psi-icon-size);"
                  viewBox="0 0 15 15"
                  xmlns="http://www.w3.org/2000/svg"
                >
                  <path
                    clip-rule="evenodd"
                    d="M7.5 11C4.80285 11 2.52952 9.62184 1.09622 7.50001C2.52952 5.37816 4.80285 4 7.5 4C10.1971 4 12.4705 5.37816 13.9038 7.50001C12.4705 9.62183 10.1971 11 7.5 11ZM7.5 3C4.30786 3 1.65639 4.70638 0.0760002 7.23501C-0.0253338 7.39715 -0.0253334 7.60288 0.0760014 7.76501C1.65639 10.2936 4.30786 12 7.5 12C10.6921 12 13.3436 10.2936 14.924 7.76501C15.0253 7.60288 15.0253 7.39715 14.924 7.23501C13.3436 4.70638 10.6921 3 7.5 3ZM7.5 9.5C8.60457 9.5 9.5 8.60457 9.5 7.5C9.5 6.39543 8.60457 5.5 7.5 5.5C6.39543 5.5 5.5 6.39543 5.5 7.5C5.5 8.60457 6.39543 9.5 7.5 9.5Z"
                    fill="currentColor"
                    fill-rule="evenodd"
                  />
                </svg>
              </span>
            </button>
          </div>
        </div>
      </div>
      <div
        class="m_f61ca620 mantine-PasswordInput-root m_46b77525 mantine-InputWrapper-root mantine-PasswordInput-root"
        style="margin-bottom: var(--mantine-spacing-md);"
      >
        <label
          class="m_8fdc1311 mantine-InputWrapper-label mantine-PasswordInput-label"
          for=""
          id=""
          style=""
        >
          Confirm New Password
        </label>
        <div
          class="m_6c018570 mantine-Input-wrapper mantine-PasswordInput-wrapper"
          data-variant="default"
          data-with-right-section="true"
          style="--input-left-section-pointer-events: none; --input-right-section-pointer-events: all;"
        >
          <div
            class="m_ccf8da4c m_8fb7ebe7 mantine-Input-input mantine-PasswordInput-input"
            data-variant="default"
            style=""
          >
            <input
              autocomplete="off"
              class="m_f2d85dd2 mantine-PasswordInput-innerInput"
              data-path="confirmPassword"
              formaction="http://localhost:3000/"
              formmethod=""
              id=""
              placeholder="Confirm new password"
              style=""
              type="password"
              value=""
            />
          </div>
          <div
            class="m_82577fc2 mantine-Input-section mantine-PasswordInput-section"
            data-position="right"
            style=""
          >
            <button
              aria-hidden="true"
              class="mantine-focus-auto mantine-active m_b1072d44 mantine-PasswordInput-visibilityToggle m_8d3f4000 mantine-ActionIcon-root m_87cf2631 mantine-UnstyledButton-root"
              data-variant="subtle"
              style="--ai-bg: transparent; --ai-hover: var(--mantine-color-gray-light-hover); --ai-color: var(--mantine-color-gray-light-color); --ai-bd: calc(0.0625rem * var(--mantine-scale)) solid transparent;"
              tabindex="-1"
              type="button"
            >
              <span
                class="m_8d3afb97 mantine-ActionIcon-icon"
                style=""
              >
                <svg
                  fill="none"
                  style="width: var(--psi-icon-size); height: var(--psi-icon-size);"
                  viewBox="0 0 15 15"
                  xmlns="http://www.w3.org/2000/svg"
                >
                  <path
                    clip-rule="evenodd"
                    d="M7.5 11C4.80285 11 2.52952 9.62184 1.09622 7.50001C2.52952 5.37816 4.80285 4 7.5 4C10.1971 4 12.4705 5.37816 13.9038 7.50001C12.4705 9.62183 10.1971 11 7.5 11ZM7.5 3C4.30786 3 1.65639 4.70638 0.0760002 7.23501C-0.0253338 7.39715 -0.0253334 7.60288 0.0760014 7.76501C1.65639 10.2936 4.30786 12 7.5 12C10.6921 12 13.3436 10.2936 14.924 7.76501C15.0253 7.60288 15.0253 7.39715 14.924 7.23501C13.3436 4.70638 10.6921 3 7.5 3ZM7.5 9.5C8.60457 9.5 9.5 8.60457 9.5 7.5C9.5 6.39543 8.60457 5.5 7.5 5.5C6.39543 5.5 5.5 6.39543 5.5 7.5C5.5 8.60457 6.39543 9.5 7.5 9.5Z"
                    fill="currentColor"
                    fill-rule="evenodd"
                  />
                </svg>
              </span>
            </button>
          </div>
        </div>
      </div>
      <div
        class="m_4081bf90 mantine-Group-root"
        style="--group-gap: var(--mantine-spacing-md); --group-align: center; --group-justify: flex-start; --group-wrap: wrap; margin-top: var(--mantine-spacing-md);"
      >
        <button
          class="mantine-focus-auto mantine-active m_77c9d27d mantine-Button-root m_87cf2631 mantine-UnstyledButton-root"
          data-variant="default"
          style="--button-bg: var(--mantine-color-default); --button-hover: var(--mantine-color-default-hover); --button-color: var(--mantine-color-default-color); --button-bd: calc(0.0625rem * var(--mantine-scale)) solid var(--mantine-color-default-border);"
          type="button"
        >
          <span
            class="m_80f1301b mantine-Button-inner"
            style=""
          >
            <span
              class="m_811560b9 mantine-Button-label"
              style=""
            >
              Cancel
            </span>
          </span>
        </button>
        <button
          class="mantine-focus-auto m_77c9d27d mantine-Button-root m_87cf2631 mantine-UnstyledButton-root"
          data-disabled="true"
          disabled=""
          style="--button-radius: var(--mantine-radius-sm); --button-bg: var(--mantine-color-green-filled); --button-hover: var(--mantine-color-green-filled-hover); --button-color: var(--mantine-color-white); --button-bd: calc(0.0625rem * var(--mantine-scale)) solid transparent;"
          type="submit"
        >
          <span
            class="m_80f1301b mantine-Button-inner"
            style=""
          >
            <span
              class="m_811560b9 mantine-Button-label"
              style=""
            >
              Save Changes
            </span>
          </span>
        </button>
      </div>
    </form>
  </div>
</div>
`;
